---
source: lily-parser/tests/parser_tests.rs
expression: parse_top_level(source)
---
Err(
    Unknown binding power for operator "+".,
)
