---
source: lily-ast/tests/layout_tests.rs
expression: lex_print(&source)
---
letIn : Int;0
letIn =
  let{1
    x : Int;1
    x = 1;1
    y : Int;1
    y = 1;1}1
  in
    x + y;0
