---
source: lily-ast/tests/layout_tests.rs
expression: lex_print(&source)
---
Equal : Type -> Type -> Boolean;0
Equal a b !{1
  _ : a -> a -> True;1
  _ : a -> b -> False;1}1;0
