---
source: lily-ast/tests/layout_tests.rs
expression: lex_print(&source)
---
Identity : Type -> Type;0
Identity a ?{1
  _ : a -> Identity a;1}1;0
